<html>
<body>
<pre>
<h1>礦ision Build Log</h1>
<h2>Tool Versions:</h2>
IDE-Version: μVision V5.14.2
Copyright (C) 2015 ARM Ltd and ARM Germany GmbH. All rights reserved.
License Information: Cortex-M3, zdfzdf, LIC=3UUPC-7GP5N-LUK4M-XU4FZ-21WVU-XBP48
 
Tool Versions:
Toolchain:       MDK-ARM Professional  Version: 5.14.0.0
Toolchain Path:  D:\Keil_v5\ARM\ARMCC\Bin
C Compiler:      Armcc.exe V5.05 update 1 (build 106)
Assembler:       Armasm.exe V5.05 update 1 (build 106)
Linker/Locator:  ArmLink.exe V5.05 update 1 (build 106)
Library Manager: ArmAr.exe V5.05 update 1 (build 106)
Hex Converter:   FromElf.exe V5.05 update 1 (build 106)
CPU DLL:         SARMCM3.DLL V5.14.0.0
Dialog DLL:      DCM.DLL V1.13.1.0
Target DLL:      STLink\ST-LINKIII-KEIL_SWO.dll V2.0.14.0_KEIL
Dialog DLL:      TCM.DLL V1.14.4.0
 
<h2>Project:</h2>
C:\Users\asus\Desktop\Baina2\USER\stm32f105r8t6.uvprojx
Project File Date:  11/04/2018

<h2>Output:</h2>
*** Using Compiler 'V5.05 update 1 (build 106)', folder: 'D:\Keil_v5\ARM\ARMCC\Bin'
Build target 'Target 1'
compiling main.c...
main.c(6): warning:  #177-D: variable "f" was declared but never referenced
          static unsigned char f = 1;
main.c(24): warning:  #550-D: variable "last_read_T" was set but never used
        static char last_read_T = 0;         //上次的can周期
main.c: 2 warnings, 0 errors
linking...
Program Size: Code=13464 RO-data=368 RW-data=92 ZI-data=1988  
FromELF: creating hex file...
"..\OBJ\stm32f105r8t6.axf" - 0 Error(s), 2 Warning(s).

<h2>Collection of Component include folders:</h2>
  C:\Users\asus\Desktop\Baina2\USER\RTE
  D:\Keil_v5\ARM\PACK\Keil\STM32F1xx_DFP\1.0.5\Device\Include

<h2>Collection of Component Files used:</h2>
</pre>
</body>
</html>
